[2026-08-13T06:45:07.906Z] שגיאה קריטית: Only URLs with a scheme in: file, data, and node are supported by the default ESM loader. On Windows, absolute paths must be valid file:// URLs. Received protocol 'c:'
[2026-08-13T06:45:27.937Z] 3364 לידים בלי מייל מקורי, 100 ניתנים להצלבה (limit=100, apply=false)
[2026-08-13T06:45:57.991Z] התקדמות: 50/100 | נמצאו: 46 | שינויים: 41 | לא נמצאו: 4 | שגיאות: 0
[2026-08-13T06:46:27.634Z] התקדמות: 100/100 | נמצאו: 96 | שינויים: 86 | לא נמצאו: 4 | שגיאות: 0
[2026-08-13T06:46:27.636Z] 
── סיכום ──
[2026-08-13T06:46:27.637Z] נמצא מייל מקורי: 96 | ללא התאמה בתיבה: 4 | שגיאות: 0
[2026-08-13T06:46:27.638Z] שינויי תיוג (dry run): 86
[2026-08-13T06:46:27.639Z]      53  אימייל ישיר → דף נחיתה
[2026-08-13T06:46:27.640Z]      13  אימייל ישיר → פייסבוק - דרושים תל אביב
[2026-08-13T06:46:27.641Z]       4  אימייל ישיר → פק"ש
[2026-08-13T06:46:27.643Z]       4  אימייל ישיר → גוגל ממומן
[2026-08-13T06:46:27.645Z]       4  אימייל ישיר → אתר - טופס משרה
[2026-08-13T06:46:27.647Z]       4  אימייל ישיר → פייסבוק - BARAK TLV CASHIERS
[2026-08-13T06:46:27.649Z]       1  אחר → דף נחיתה
[2026-08-13T06:46:27.650Z]       1  פייסבוק → טלפון
[2026-08-13T06:46:27.651Z]       1  AllJobs → דף נחיתה
[2026-08-13T06:46:27.651Z]       1  AllJobs → פייסבוק - דרושים תל אביב
[2026-08-13T06:46:55.624Z] 3364 לידים בלי מייל מקורי, 3309 ניתנים להצלבה (limit=אין, apply=true)
[2026-08-13T06:47:47.301Z] התקדמות: 50/3309 | נמצאו: 46 | שינויים: 41 | לא נמצאו: 4 | שגיאות: 0
[2026-08-13T06:48:37.364Z] התקדמות: 100/3309 | נמצאו: 96 | שינויים: 86 | לא נמצאו: 4 | שגיאות: 0
[2026-08-13T06:49:31.889Z] התקדמות: 150/3309 | נמצאו: 144 | שינויים: 130 | לא נמצאו: 6 | שגיאות: 0
[2026-08-13T06:50:20.911Z] התקדמות: 200/3309 | נמצאו: 190 | שינויים: 169 | לא נמצאו: 10 | שגיאות: 0
[2026-08-13T06:51:21.913Z] שגיאה בליד 22884955-2530-489d-aab1-a9ff1e6a0acf (יאזן עמאש): Precondition check failed.
[2026-08-13T06:51:23.925Z] התקדמות: 250/3309 | נמצאו: 223 | שינויים: 202 | לא נמצאו: 26 | שגיאות: 1
[2026-08-13T06:52:09.307Z] התקדמות: 300/3309 | נמצאו: 245 | שינויים: 224 | לא נמצאו: 54 | שגיאות: 1
[2026-08-13T06:52:42.048Z] התקדמות: 350/3309 | נמצאו: 259 | שינויים: 238 | לא נמצאו: 90 | שגיאות: 1
[2026-08-13T06:53:15.309Z] התקדמות: 400/3309 | נמצאו: 276 | שינויים: 255 | לא נמצאו: 123 | שגיאות: 1
[2026-08-13T06:53:47.149Z] התקדמות: 450/3309 | נמצאו: 291 | שינויים: 270 | לא נמצאו: 158 | שגיאות: 1
[2026-08-13T06:54:18.670Z] התקדמות: 500/3309 | נמצאו: 306 | שינויים: 285 | לא נמצאו: 193 | שגיאות: 1
[2026-08-13T06:55:07.914Z] התקדמות: 550/3309 | נמצאו: 352 | שינויים: 331 | לא נמצאו: 197 | שגיאות: 1
[2026-08-13T06:55:55.610Z] התקדמות: 600/3309 | נמצאו: 402 | שינויים: 380 | לא נמצאו: 197 | שגיאות: 1
[2026-08-13T06:56:45.096Z] התקדמות: 650/3309 | נמצאו: 452 | שינויים: 430 | לא נמצאו: 197 | שגיאות: 1
[2026-08-13T06:57:41.820Z] התקדמות: 700/3309 | נמצאו: 500 | שינויים: 477 | לא נמצאו: 199 | שגיאות: 1
[2026-08-13T06:58:29.189Z] התקדמות: 750/3309 | נמצאו: 548 | שינויים: 523 | לא נמצאו: 201 | שגיאות: 1
[2026-08-13T06:59:14.319Z] שגיאה בליד cdff2065-92f6-47ba-a6b7-27d93b702f6e (נועה שלי): duplicate key value violates unique constraint "leads_original_email_id_key"
[2026-08-13T06:59:21.882Z] התקדמות: 800/3309 | נמצאו: 598 | שינויים: 573 | לא נמצאו: 201 | שגיאות: 2
[2026-08-13T07:00:11.560Z] התקדמות: 850/3309 | נמצאו: 648 | שינויים: 623 | לא נמצאו: 201 | שגיאות: 2
[2026-08-13T07:01:05.144Z] התקדמות: 900/3309 | נמצאו: 698 | שינויים: 673 | לא נמצאו: 201 | שגיאות: 2
[2026-08-13T07:01:54.036Z] שגיאה בליד 4319cf21-5f5b-4fb3-b69e-c4cfac0193af (עודי חאזם): duplicate key value violates unique constraint "leads_original_email_id_key"
[2026-08-13T07:02:00.335Z] התקדמות: 950/3309 | נמצאו: 747 | שינויים: 722 | לא נמצאו: 202 | שגיאות: 3
[2026-08-13T07:02:33.526Z] שגיאה בליד 37d5183a-5ba9-4b6f-92d8-57fd1320227c (בת שבע ניסני): duplicate key value violates unique constraint "leads_original_email_id_key"
[2026-08-13T07:02:47.977Z] התקדמות: 1000/3309 | נמצאו: 794 | שינויים: 769 | לא נמצאו: 205 | שגיאות: 4
[2026-08-13T07:03:36.758Z] התקדמות: 1050/3309 | נמצאו: 842 | שינויים: 816 | לא נמצאו: 207 | שגיאות: 4
[2026-08-13T07:05:07.464Z] התקדמות: 1150/3309 | נמצאו: 929 | שינויים: 903 | לא נמצאו: 220 | שגיאות: 4
[2026-08-13T07:05:52.256Z] התקדמות: 1200/3309 | נמצאו: 973 | שינויים: 945 | לא נמצאו: 226 | שגיאות: 4
[2026-08-13T07:06:43.765Z] התקדמות: 1250/3309 | נמצאו: 1022 | שינויים: 994 | לא נמצאו: 227 | שגיאות: 4
[2026-08-13T07:07:28.545Z] התקדמות: 1300/3309 | נמצאו: 1070 | שינויים: 1042 | לא נמצאו: 229 | שגיאות: 4
[2026-08-13T07:08:15.478Z] התקדמות: 1350/3309 | נמצאו: 1120 | שינויים: 1092 | לא נמצאו: 229 | שגיאות: 4
[2026-08-13T07:09:02.776Z] התקדמות: 1400/3309 | נמצאו: 1169 | שינויים: 1141 | לא נמצאו: 230 | שגיאות: 4
[2026-08-13T07:09:45.402Z] התקדמות: 1450/3309 | נמצאו: 1218 | שינויים: 1190 | לא נמצאו: 231 | שגיאות: 4
[2026-08-13T07:10:15.240Z] שגיאה בליד 8f251860-3ab3-4ae8-b973-a4328b567669 (קורל): duplicate key value violates unique constraint "leads_original_email_id_key"
[2026-08-13T07:10:25.801Z] שגיאה בליד 0ecf7566-03d2-4e7b-9879-2ad954775863 (רז זינגר): duplicate key value violates unique constraint "leads_original_email_id_key"
[2026-08-13T07:10:30.285Z] התקדמות: 1500/3309 | נמצאו: 1264 | שינויים: 1236 | לא נמצאו: 235 | שגיאות: 6
[2026-08-13T07:10:48.430Z] שגיאה בליד 3346c277-9219-4df7-8db8-b6de63e65c56 (קובי בורז'יקובסקי): duplicate key value violates unique constraint "leads_original_email_id_key"
[2026-08-13T07:11:06.323Z] התקדמות: 1550/3309 | נמצאו: 1294 | שינויים: 1265 | לא נמצאו: 255 | שגיאות: 7
[2026-08-13T07:11:14.090Z] שגיאה בליד 3fb4cf22-6a3d-47a9-a726-1ee1b0e5629b (נאדר עיסאת): duplicate key value violates unique constraint "leads_original_email_id_key"
[2026-08-13T07:11:56.883Z] התקדמות: 1600/3309 | נמצאו: 1340 | שינויים: 1308 | לא נמצאו: 259 | שגיאות: 8
[2026-08-13T07:12:50.024Z] התקדמות: 1650/3309 | נמצאו: 1390 | שינויים: 1353 | לא נמצאו: 259 | שגיאות: 8
[2026-08-13T07:13:43.362Z] התקדמות: 1700/3309 | נמצאו: 1440 | שינויים: 1397 | לא נמצאו: 259 | שגיאות: 8
[2026-08-13T07:13:49.899Z] שגיאה בליד 99ddbb0a-cf2e-4939-aecf-c3e0e2806f21 (שירה): duplicate key value violates unique constraint "leads_original_email_id_key"
[2026-08-13T07:15:37.059Z] שגיאה בליד ba009e39-767d-42ea-8b90-4f58a5826149 (אוראל שטרקמן): duplicate key value violates unique constraint "leads_original_email_id_key"
[2026-08-13T07:15:44.294Z] שגיאה בליד d3948b6b-1bb2-4449-908a-1553769ed095 (איליה זולוטריוב): duplicate key value violates unique constraint "leads_original_email_id_key"
[2026-08-13T07:15:59.482Z] שגיאה בליד 94c11730-efcb-4043-bf02-337b8c730e71 (ליובוב דובינסקי): duplicate key value violates unique constraint "leads_original_email_id_key"
[2026-08-13T07:16:08.633Z] שגיאה בליד a68d3dda-1dcd-44a9-8a5b-03c25a7e8e11 (פולינה איידל): duplicate key value violates unique constraint "leads_original_email_id_key"
[2026-08-13T07:16:11.609Z] שגיאה בליד aaa058bd-cc2c-47f8-805a-996257c970dd (אמיליה דובינסקי): duplicate key value violates unique constraint "leads_original_email_id_key"
[2026-08-13T07:16:17.351Z] שגיאה בליד 9b0b0962-ab51-48b2-82cf-3da886f69d27 (יוסף אוריה טבליה): duplicate key value violates unique constraint "leads_original_email_id_key"
[2026-08-13T07:16:21.186Z] שגיאה בליד 1f129f65-fdfa-4592-952e-8e881130d39e (מירי): duplicate key value violates unique constraint "leads_original_email_id_key"
[2026-08-13T07:16:24.176Z] שגיאה בליד 5df545fe-4d2b-4622-854b-346dddc5be3d (אריאל): duplicate key value violates unique constraint "leads_original_email_id_key"
[2026-08-13T07:16:28.060Z] שגיאה בליד 8856ea46-7f5e-41b2-b2c9-d9fb8a2eb26e (חנן אל): duplicate key value violates unique constraint "leads_original_email_id_key"
[2026-08-13T07:16:31.092Z] שגיאה בליד 51a14d0e-fd20-4e39-90b4-0eec13be25b5 (הראל): duplicate key value violates unique constraint "leads_original_email_id_key"
[2026-08-13T07:16:41.047Z] שגיאה בליד 52f8329b-6c47-4650-9c32-b68c757c4bc9 (חיה מוקשא): duplicate key value violates unique constraint "leads_original_email_id_key"
[2026-08-13T07:16:43.793Z] שגיאה בליד c3bea6a2-7efc-4149-bc1c-668e7b0b60c2 (יעקב אפשטיין): duplicate key value violates unique constraint "leads_original_email_id_key"
[2026-08-13T07:16:50.076Z] שגיאה בליד c9ec919a-3be6-4a68-9495-aed6ae022627 (דניאל גולוסרסקי): duplicate key value violates unique constraint "leads_original_email_id_key"
[2026-08-13T07:16:55.587Z] שגיאה בליד 2576f562-6d1a-44f0-81c4-5d51e139d47d (מעוז וורו): duplicate key value violates unique constraint "leads_original_email_id_key"
[2026-08-13T07:17:00.130Z] שגיאה בליד 80d8f284-30fe-447b-b558-cc2e2c2b1855 (מעיין רבקה יצחק): duplicate key value violates unique constraint "leads_original_email_id_key"
[2026-08-13T07:17:12.054Z] שגיאה בליד 98997f04-dc49-4005-ba9e-57f1dfa53d0c (מיכאל): duplicate key value violates unique constraint "leads_original_email_id_key"
[2026-08-13T07:17:19.516Z] שגיאה בליד 1fa7879d-db4f-4e8b-8302-94145475ab26 (נדב): duplicate key value violates unique constraint "leads_original_email_id_key"
[2026-08-13T07:17:26.476Z] שגיאה בליד 35d981c5-b194-4c87-bbb9-20d3d6763ffb (אביה לוי): duplicate key value violates unique constraint "leads_original_email_id_key"
[2026-08-13T07:18:01.102Z] התקדמות: 2400/3309 | נמצאו: 1536 | שינויים: 1492 | לא נמצאו: 863 | שגיאות: 27
[2026-08-13T07:18:45.145Z] התקדמות: 2450/3309 | נמצאו: 1583 | שינויים: 1538 | לא נמצאו: 866 | שגיאות: 27
[2026-08-13T07:19:35.938Z] התקדמות: 2500/3309 | נמצאו: 1631 | שינויים: 1586 | לא נמצאו: 868 | שגיאות: 27
[2026-08-13T07:20:26.573Z] התקדמות: 2550/3309 | נמצאו: 1677 | שינויים: 1632 | לא נמצאו: 872 | שגיאות: 27
[2026-08-13T07:21:15.649Z] התקדמות: 2600/3309 | נמצאו: 1727 | שינויים: 1682 | לא נמצאו: 872 | שגיאות: 27
[2026-08-13T07:22:06.413Z] התקדמות: 2650/3309 | נמצאו: 1777 | שינויים: 1732 | לא נמצאו: 872 | שגיאות: 27
[2026-08-13T07:22:50.189Z] התקדמות: 2700/3309 | נמצאו: 1825 | שינויים: 1780 | לא נמצאו: 874 | שגיאות: 27
[2026-08-13T07:23:34.566Z] התקדמות: 2750/3309 | נמצאו: 1874 | שינויים: 1829 | לא נמצאו: 875 | שגיאות: 27
[2026-08-13T07:24:20.709Z] התקדמות: 2800/3309 | נמצאו: 1924 | שינויים: 1879 | לא נמצאו: 875 | שגיאות: 27
[2026-08-13T07:25:06.454Z] התקדמות: 2850/3309 | נמצאו: 1972 | שינויים: 1927 | לא נמצאו: 877 | שגיאות: 27
[2026-08-13T07:25:49.911Z] התקדמות: 2900/3309 | נמצאו: 2022 | שינויים: 1977 | לא נמצאו: 877 | שגיאות: 27
[2026-08-13T07:26:36.496Z] התקדמות: 2950/3309 | נמצאו: 2071 | שינויים: 2026 | לא נמצאו: 878 | שגיאות: 27
[2026-08-13T07:27:20.886Z] התקדמות: 3000/3309 | נמצאו: 2121 | שינויים: 2075 | לא נמצאו: 878 | שגיאות: 27
[2026-08-13T07:28:06.972Z] התקדמות: 3050/3309 | נמצאו: 2171 | שינויים: 2125 | לא נמצאו: 878 | שגיאות: 27
[2026-08-13T07:28:57.547Z] התקדמות: 3100/3309 | נמצאו: 2220 | שינויים: 2174 | לא נמצאו: 879 | שגיאות: 27
[2026-08-13T07:29:53.361Z] התקדמות: 3150/3309 | נמצאו: 2270 | שינויים: 2224 | לא נמצאו: 879 | שגיאות: 27
[2026-08-13T07:30:48.129Z] התקדמות: 3200/3309 | נמצאו: 2320 | שינויים: 2273 | לא נמצאו: 879 | שגיאות: 27
[2026-08-13T07:31:03.269Z] שגיאה בליד 7db4b832-99f3-4479-8ec4-1b83d839a354 (זיסמן חן): duplicate key value violates unique constraint "leads_original_email_id_key"
[2026-08-13T07:31:36.902Z] שגיאה בליד 5dc6d807-65bd-4de9-9405-35c44b0c8d1d (דוד איפראימוב): duplicate key value violates unique constraint "leads_original_email_id_key"
[2026-08-13T07:31:41.461Z] התקדמות: 3250/3309 | נמצאו: 2369 | שינויים: 2320 | לא נמצאו: 880 | שגיאות: 29
[2026-08-13T07:31:46.880Z] שגיאה בליד 432431e8-4082-4249-bd16-238e9ec04b86 (סייאף חסונה): duplicate key value violates unique constraint "leads_original_email_id_key"
[2026-08-13T07:31:51.893Z] שגיאה בליד 01514e7c-a8a4-4f24-99e5-8e4bc478d667 (חמודי סואעד): duplicate key value violates unique constraint "leads_original_email_id_key"
[2026-08-13T07:32:22.623Z] שגיאה בליד 48ed1ef4-ca42-45ee-8d25-86003850be5a (לידור חן): duplicate key value violates unique constraint "leads_original_email_id_key"
[2026-08-13T07:32:31.068Z] שגיאה בליד 982fefa3-4107-4462-b78e-b7866c72dcdb (מוהנד אבו סיאם): duplicate key value violates unique constraint "leads_original_email_id_key"
[2026-08-13T07:32:35.137Z] התקדמות: 3300/3309 | נמצאו: 2418 | שינויים: 2368 | לא נמצאו: 881 | שגיאות: 33
[2026-08-13T07:32:41.333Z] 
── סיכום ──
[2026-08-13T07:32:41.334Z] נמצא מייל מקורי: 2426 | ללא התאמה בתיבה: 882 | שגיאות: 33
[2026-08-13T07:32:41.334Z] שינויי תיוג (נכתבו): 2376
[2026-08-13T07:32:41.336Z]    1197  אימייל ישיר → פייסבוק
[2026-08-13T07:32:41.337Z]     320  אימייל ישיר → אתר - טופס משרה
[2026-08-13T07:32:41.337Z]     317  אימייל ישיר → דף נחיתה
[2026-08-13T07:32:41.337Z]     185  אימייל ישיר → פייסבוק - BARAK TLV CASHIERS
[2026-08-13T07:32:41.338Z]      93  אימייל ישיר → גוגל ממומן
[2026-08-13T07:32:41.338Z]      53  אימייל ישיר → אתר - עמוד ראשי
[2026-08-13T07:32:41.338Z]      38  אימייל ישיר → פק"ש
[2026-08-13T07:32:41.338Z]      34  אימייל ישיר → אתר - צור קשר
[2026-08-13T07:32:41.339Z]      17  אימייל ישיר → פייסבוק - דרושים תל אביב
[2026-08-13T07:32:41.340Z]      12  אימייל ישיר → פייסבוק - Barak
[2026-08-13T07:32:41.340Z]      11  אימייל ישיר → פייסבוק - Barak EILAT
[2026-08-13T07:32:41.340Z]      10  אקסטרות → אתר - עמוד ראשי
[2026-08-13T07:32:41.341Z]      10  אקסטרות → טלפון
[2026-08-13T07:32:41.342Z]       9  אימייל ישיר → טלפון
[2026-08-13T07:32:41.342Z]       8  אימייל ישיר → AllJobs
[2026-08-13T07:32:41.343Z]       8  אקסטרות → פייסבוק - BARAK TLV CASHIERS
[2026-08-13T07:32:41.344Z]       7  אימייל ישיר → אתר - טופס תחתון
[2026-08-13T07:32:41.344Z]       4  AllJobs → דף נחיתה
[2026-08-13T07:32:41.344Z]       4  אימייל ישיר → פייסבוק - Barak TLV HOTELS
[2026-08-13T07:32:41.345Z]       4  אימייל ישיר → פייסבוק - Barak TLV FASHION
[2026-08-13T07:32:41.345Z]       4  אימייל ישיר → פייסבוק - Barak JERUSALEM FASHION
[2026-08-13T07:32:41.345Z]       4  אימייל ישיר → פייסבוק - Barak YAM HAMELACH
[2026-08-13T07:32:41.346Z]       4  AllJobs → פייסבוק
[2026-08-13T07:32:41.346Z]       4  אימייל ישיר → אינסטגרם
[2026-08-13T07:32:41.346Z]       4  אקסטרות → דף נחיתה
[2026-08-13T07:32:41.347Z]       3  אימייל ישיר → צ'אט באתר
[2026-08-13T07:32:41.347Z]       2  אקסטרות → פייסבוק
[2026-08-13T07:32:41.347Z]       2  אקסטרות → גוגל ממומן
[2026-08-13T07:32:41.347Z]       1  אחר → דף נחיתה
[2026-08-13T07:32:41.348Z]       1  פייסבוק → טלפון
[2026-08-13T07:32:41.348Z]       1  AllJobs → פייסבוק - דרושים תל אביב
[2026-08-13T07:32:41.348Z]       1  AllJobs → גוגל ממומן
[2026-08-13T07:32:41.348Z]       1  AllJobs → אתר - טופס תחתון
[2026-08-13T07:32:41.349Z]       1  אחר → טלפון
[2026-08-13T07:32:41.349Z]       1  מייל  → דף נחיתה
[2026-08-13T07:32:41.350Z]       1  אחר → צ'אט באתר
[2026-08-13T07:33:29.198Z] 1020 לידים בלי מייל מקורי, 965 ניתנים להצלבה (limit=אין, apply=true)
[2026-08-13T07:35:39.172Z] התקדמות: 300/965 | נמצאו: 40 | שינויים: 7 | לא נמצאו: 260 | שגיאות: 0
[2026-08-13T07:38:03.165Z] התקדמות: 900/965 | נמצאו: 69 | שינויים: 25 | לא נמצאו: 831 | שגיאות: 0
[2026-08-13T07:38:37.356Z] 
── סיכום ──
[2026-08-13T07:38:37.356Z] נמצא מייל מקורי: 82 | ללא התאמה בתיבה: 883 | שגיאות: 0
[2026-08-13T07:38:37.357Z] שינויי תיוג (נכתבו): 32
[2026-08-13T07:38:37.357Z]      10  אימייל ישיר → פייסבוק
[2026-08-13T07:38:37.357Z]       5  אקסטרות → טלפון
[2026-08-13T07:38:37.357Z]       5  אקסטרות → אתר - עמוד ראשי
[2026-08-13T07:38:37.357Z]       4  אקסטרות → פייסבוק - BARAK TLV CASHIERS
[2026-08-13T07:38:37.357Z]       2  אקסטרות → דף נחיתה
[2026-08-13T07:38:37.357Z]       1  אימייל ישיר → אתר - עמוד ראשי
[2026-08-13T07:38:37.358Z]       1  אימייל ישיר → אתר - טופס משרה
[2026-08-13T07:38:37.358Z]       1  אקסטרות → פייסבוק
[2026-08-13T07:38:37.358Z]       1  אקסטרות → גוגל ממומן
[2026-08-13T07:38:37.358Z]       1  AllJobs → פייסבוק
[2026-08-13T07:38:37.358Z]       1  אימייל ישיר → צ'אט באתר
